16
11
37
15
Current position: (7,-1), Facing South
Current position: (-7,-1), Facing East
60
8
