1 2 3 
Capacity: 5
1 2 3 4 5 6 7 8 9 10 
Capacity: 10
100 101 102 103 
Capacity: 5
1 2 3 4 5 6 7 8 9 10 
Capacity: 10
100 101 102 103 104 105 106 107 108 109 110 111 
Capacity: 20
1 2 3 4 5 6 7 8 9 10 11 12 13 14 15 16 17 18 19 20 21 
Capacity: 40
100 101 102 103 104 105 106 107 108 109 110 111 
Capacity: 20
1 2 3 4 5 6 7 8 9 10 11 12 13 14 15 16 17 18 19 20 21 
Capacity: 40
100 101 102 103 104 105 106 107 108 109 110 111 112 113 114 115 116 117 118 119 
Capacity: 20
