1 2 3 
Capacity: 5
1 2 3 4 5 6 
Capacity: 10
7 8 9 
Capacity: 5
1 2 3 4 5 6 
Capacity: 10
7 8 9 
Capacity: 5
10 11 12 13 
Capacity: 5
1 2 3 4 5 6 14 15 16 
Capacity: 10
7 8 9 
Capacity: 5
10 11 12 13 
Capacity: 5
1 2 3 4 5 6 14 15 16 
Capacity: 10
7 8 9 
Capacity: 5
10 11 12 13 
Capacity: 5
17 18 19 20 
Capacity: 5
