----
-BW-
-WB-
----
---B
-BW-
-WB-
----
-W-B
-WW-
-WB-
----
-W-B
-WB-
-BB-
B---
-W-B
-WB-
-WB-
BW--
-W-B
-WB-
BBB-
BW--
-W-B
WWB-
BBB-
BW--
BW-B
BBB-
BBB-
BW--
BW-B
BBB-
BBB-
BW-W
BW-B
BBB-
BBB-
BBBW
BW-B
BBW-
BBBW
BBBW
BBBB
BBB-
BBBW
BBBW
BBBB
BBBW
BBBW
BBBW
Black wins!
