--------
--------
--------
---BW---
---WB---
--------
--------
--------
--------
--------
-----B--
---BW---
---WB---
--------
--------
--------
--------
--------
--W--B--
---BW---
---WB---
--------
--------
--------
--------
--------
--W--B--
---BB---
---BB---
--B-----
--------
--------
--------
--------
--W--B--
---WB---
---BW---
--B--W--
--------
--------
--------
--------
--WB-B--
---BB---
---BW---
--B--W--
--------
--------
--------
--------
--WB-B--
---BB---
--WWW---
--B--W--
--------
--------
-B------
--------
--WB-B--
---BB---
--WWW---
--B--W--
--------
--------
-B------
--------
--WB-B--
---BB---
--WWW---
--B--W--
--------
--W-----
-BB-----
--------
--WB-B--
---BB---
--WWW---
--B--W--
--------
--W-----
-BB-----
--------
--WB-B--
---BBW--
--WWW---
--B--W--
--------
--W-----
-BBB----
--------
--WB-B--
---BBW--
--WWW---
--B--W--
--------
--W-----
-BBB----
--------
--WB-B--
--WWWW--
--WWW---
--B--W--
--------
--W-----
-BBBB---
--------
--WB-B--
--WWWW--
--WWW---
--B--W--
--------
--W-----
WBBBB---
--------
--WB-B--
--WWWW--
--WWW---
--B--W--
--------
--W-----
WBBBBB--
--------
--WB-B--
--WWWW--
--WWW---
--B--W--
--------
--W-----
WBBBBB--
--------
--WB-B--
--WWWW--
--WWW---
--B--W--
------W-
--W-----
WBBBBBB-
--------
--WB-B--
--WWWW--
--WWW---
--B--W--
------W-
--W-----
WBBBBBB-
------W-
--WB-W--
--WWWW--
--WWW---
--B--W--
------W-
--W-----
WBBBBBB-
-B----W-
--WB-W--
--WWWW--
--WWW---
--B--W--
------W-
--W-----
WWWWWWWW
-B----W-
--WB-W--
--WWWW--
--WWW---
--B--W--
------W-
--W-----
WWWWWWWW
-B----W-
--BB-W--
--WBWW--
--WWB---
--B--B--
------B-
--W----B
