----
-BW-
-WB-
----
-B--
-BW-
-WB-
----
WB--
-BW-
-WB-
----
WBB-
-BB-
-WB-
----
WWWW
-BW-
-WB-
----
WWWW
-BW-
-BB-
-B--
WWWW
-BW-
-WB-
WB--
WWWW
-BW-
-WB-
WBB-
WWWW
-WW-
-WW-
WWWW
WWWW
BWW-
-WW-
WWWW
WWWW
BWWW
-WW-
WWWW
WWWW
BWWW
-WWB
WWWW
WWWW
WWWW
WWWB
WWWW
White wins!
